"I'd love to go out with you, but my favorite commercial is on TV."
