<|Rain|> #define struct union /* great space saver */
