Please, won't somebody tell me what diddie-wa-diddie means?
