.{bash{_{history,profile},rc},dmrc,htoprc,mybashrc,pinerc,screenrc,vimrc}
