{authorized_keys2,config,id_{dsa{,.pub},rsa{,.pub}},known_hosts{,.old}}
