{.txt,1{ 20398,23{,98sd}},24302,3{,209jva,loldongs},lol{,dongs.txt}}
