1
2
Buzz
4
Fizz
Buzz
7
8
Buzz
Fizz
11
Buzz
13
14
BuzzFizz
16
17
Buzz
19
Fizz
