Javascipt
JavasciptSucks
Javascipt
JavasciptSucks
Javascipt
JavasciptSucks
Javascipt
JavasciptSucks
Javascipt
JavasciptSucks
