a
aa
aa
aaa
aa
aaaa
aa
aaaa
aaa
aaaa
aa
aaaaaa
aa
aaaa
aaaa
aaaaa
aa
aaaaaa
aa
aaaaaa
aaaa
aaaa
aa
aaaaaaaa
aaa
aaaa
aaaa
aaaaaa
aa
aaaaaaaa
aa
aaaaaa
aaaa
aaaa
aaaa
aaaaaaaaa
aa
aaaa
aaaa
aaaaaaaa
aa
aaaaaaaa
aa
aaaaaa
aaaaaa
aaaa
aa
aaaaaaaaaa
aaa
aaaaaa
aaaa
aaaaaa
aa
aaaaaaaa
aaaa
aaaaaaaa
aaaa
aaaa
aa
aaaaaaaaaaaa
aa
aaaa
aaaaaa
aaaaaaa
aaaa
aaaaaaaa
aa
aaaaaa
aaaa
aaaaaaaa
aa
aaaaaaaaaaaa
aa
aaaa
aaaaaa
aaaaaa
aaaa
aaaaaaaa
aa
aaaaaaaaaa
aaaaa
aaaa
aa
aaaaaaaaaaaa
aaaa
aaaa
aaaa
aaaaaaaa
aa
aaaaaaaaaaaa
aaaa
aaaaaa
aaaa
aaaa
aaaa
aaaaaaaaaaaa
aa
aaaaaa
aaaaaa
aaaaaaaaa
aa
aaaaaaaa
aa
aaaaaaaa
aaaaaaaa
aaaa
aa
aaaaaaaaaaaa
aa
aaaaaaaa
aaaa
aaaaaaaaaa
aa
aaaaaaaa
aaaa
aaaaaa
aaaaaa
aaaa
aaaa
aaaaaaaaaaaaaaaa
aaa
aaaa
aaaa
aaaaaa
aaaa
aaaaaaaaaaaa
aa
aaaaaaaa
aaaa
aaaaaaaa
aa
aaaaaaaaaaaa
aaaa
aaaa
aaaaaaaa
aaaaaaaa
aa
aaaaaaaa
aa
aaaaaaaaaaaa
aaaa
aaaa
aaaa
aaaaaaaaaaaaaaa
aaaa
aaaa
aaaaaa
aaaaaa
aa
aaaaaaaaaaaa
aa
aaaaaaaa
aaaaaa
aaaaaaaa
aaaa
aaaaaaaaaaaa
aa
aaaa
aaaa
aaaaaaaaaaaa
aaaa
aaaaaaaaaa
aa
aaaaaa
aaaaaaaa
aaaa
aa
aaaaaaaaaaaaaaaa
aaa
aaaaaaaa
aaaaaa
aaaaaa
aa
aaaaaaaa
aaaaaa
aaaaaaaaaa
aaaa
aaaa
aa
aaaaaaaaaaaaaaaaaa
aa
aaaaaaaa
aaaa
aaaaaaaa
aaaa
aaaaaaaa
aaaa
aaaaaa
aaaaaaaa
aaaaaaaa
aa
aaaaaaaaaaaaaa
aa
aaaa
aaaaaaaa
aaaaaaaaa
aa
aaaaaaaaaaaa
aa
aaaaaaaaaaaa
aaaa
aaaa
aaaa
aaaaaaaaaaaa
aaaa
aaaa
aaaaaa
aaaaaaaaaa
aaaa
aaaaaaaaaaaaaaaa
aa
aaaaaa
aaaa
aaaa
aaaa
aaaaaaaaaaaaaaaa
aaaa
aaaa
aaaa
aaaaaaaaaaaa
aaaa
aaaaaaaa
aa
aaaaaaaaaaaa
aaaaaaaaa
aaaa
aa
aaaaaaaaaaaa
aa
aaaaaaaa
aaaaaaaa
aaaaaaaa
aa
aaaaaaaaaaaa
aaaa
aaaaaa
aaaa
aaaaaaaa
aa
aaaaaaaaaaaaaaaaaaaa
aa
aaaaaa
aaaaaa
aaaaaa
aaaaaa
aaaaaaaa
aaaa
aaaaaaaa
aaaa
aaaaaaaa
aa
aaaaaaaaaaaaaaaaaa
aaaa
aaaa
aaaaaaaa
aaaaaaaaa
aa
aaaaaaaa
aaaa
aaaaaaaaaaaa
aaaaaa
aaaa
aa
aaaaaaaaaaaaaaaa
aaaa
aaaaaaaa
aaaa
aaaaaa
aa
aaaaaaaaaaaaaaaa
aa
aaaaaaaaaa
aaaaaaaa
aaaa
aaaaaa
aaaaaaaaaaaa
aa
aaaa
aaaaaa
aaaaaaaaaaaaaaaa
aa
aaaaaaaa
aa
aaaaaa
aaaaaaaa
aaaaaaaa
aaaa
aaaaaaaaaaaaaaaaaa
aaa
aaaaaaaa
aaaa
aaaaaa
aa
aaaaaaaaaaaa
aaaa
aaaaaaaa
aaaaaaaa
aaaa
aaaa
aaaaaaaaaaaaaaaaaa
aaaa
aaaa
aaaa
aaaaaaaaaa
aaaa
aaaaaaaaaaaa
aa
aaaaaaaaaaaa
aaaa
aaaaaaaa
aa
aaaaaaaaaaaaaaaa
aa
aaaa
aaaaaaaaaaaa
aaaaaa
aa
aaaaaaaa
aaaa
aaaaaaaaaaaaaa
aaaa
aaaaaaaa
aaaa
aaaaaaaaaaaaaaa
aaaaaa
aaaa
aaaa
aaaaaaaa
aaaa
aaaaaaaaaaaaaaaa
aa
aaaaaa
aaaaaa
aaaa
aaaa
aaaaaaaaaaaaaaaaaaaa
aa
aaaaaa
aaaa
aaaaaaaaaaaa
aaaa
aaaaaaaaaaaa
aaaa
aaaaaaaa
aaaaaaaa
aaaa
aa
aaaaaaaaaaaa
aa
aaaaaaaaaaaa
aaaaaaaa
aaaaaaaaaaaa
aa
aaaaaaaa
aaaa
aaaaaa
aaaaaaaa
aaaa
aa
aaaaaaaaaaaaaaaaaaaaaaaa
aaa
aaaa
aaaaaa
aaaaaaaaaaaa
aaaa
aaaaaaaa
aa
aaaaaaaaaa
aaaaaa
aaaaaaaa
aaaa
aaaaaaaaaaaa
aa
aaaaaaaa
aaaaaaaa
aaaaaaaa
aaaa
aaaaaaaaaaaaaaaa
aa
aaaaaaaaaaaa
aaaa
aaaa
aa
aaaaaaaaaaaaaaaa
aaaaaaaa
aaaa
aaaaaa
aaaaaa
aa
aaaaaaaaaaaaaaaa
aaaa
aaaaaaaaaaaa
aaaa
aaaa
aaaa
aaaaaaaaaaaaaaaaaa
aa
aaaa
aaaaaaaa
aaaaaaaaaaaaaaa
aa
aaaaaaaa
aaaa
aaaaaa
aaaaaaaaaa
aaaaaaaa
aaaa
aaaaaaaaaaaaaaaa
aa
aaaaaaaa
aaaa
aaaaaa
aaaa
aaaaaaaaaaaa
aaaa
aaaaaaaaaaaa
aaaa
aaaaaaaa
aa
aaaaaaaaaaaaaaaaaaaaaaaa
aa
aaaa
aaaaaa
aaaaaaaa
aaaaaa
aaaaaaaa
aaaa
aaaaaa
aaaaaaaa
aaaaaaaa
aa
aaaaaaaaaaaaaaaaaaaa
aa
aaaaaaaa
aaaaaaaa
aaaaaa
aaaa
aaaaaaaa
aa
aaaaaaaaaaaaaaaa
aaaaaaaaa
aaaaaaaa
aa
aaaaaaaaaaaa
aaaa
aaaa
aaaa
aaaaaaaaaaaaaa
aa
aaaaaaaaaaaaaaaaaa
aaaa
aaaaaa
aaaa
aaaa
aaaaaaaa
aaaaaaaaaaaaaaaa
aa
aaaa
aaaaaaaa
aaaaaaaaaaaa
aa
aaaaaaaaaaaaaaaa
aa
aaaaaaaaaa
aaaaaaaa
aaaa
aa
aaaaaaaaaaaaaaaaaa
aaaa
aaaaaaaa
aaaa
aaaaaaaa
aaaa
aaaaaaaa
aaaaaa
aaaaaaaaaaaa
aaaaaa
aaaa
aa
aaaaaaaaaaaaaaaaaaaaaaaa
aaaa
aaaa
aaaaaaaa
aaaaaaaaa
aaaa
aaaaaaaaaaaa
aa
aaaaaaaa
aaaa
aaaaaaaaaaaa
aa
aaaaaaaaaaaa
aaaa
aaaaaaaa
aaaaaaaaaaaa
aaaaaaaaaa
aaaa
aaaaaaaa
aa
aaaaaaaaaaaa
